Works on build server if the file is marked as Copy always